<html>
<body>
<pre>
<h1>µVision Build Log</h1>
<h2>Project:</h2>
C:\Users\Zujun\Desktop\EE445L\Lab4\Lab4_Blynk_4C123\Lab4_Blynk_4C123\Blynk.uvproj
Project File Date:  09/23/2018

<h2>Output:</h2>
Rebuild target 'Blynk'
assembling startup.s...
compiling PLL.c...
compiling UART.c...
compiling Blynk.c...
compiling ST7735.c...
ST7735.c(1632): warning:  #223-D: function "abs" declared implicitly
          if ( abs(delx) > abs(dely) ){
ST7735.c: 1 warning, 0 errors
compiling Timer2.c...
compiling Timer3.c...
compiling esp8266.c...
compiling PortF.c...
compiling Timer1.c...
compiling clockface.c...
compiling SoundDriver.c...
compiling PWM.c...
compiling fixed.c...
linking...
Program Size: Code=11008 RO-data=4876 RW-data=380 ZI-data=2180  
".\Blynk.axf" - 0 Error(s), 1 Warning(s).
Load "C:\\Users\\Zujun\\Desktop\\EE445L\\Lab4\\Lab4_Blynk_4C123\\Lab4_Blynk_4C123\\Blynk.axf" 
Connecting: Mode=JTAG, Speed=1000000Hz
Erase Done.
Programming Done.
Verify OK.
ling fixed.c...
".\Blynk.axf" - 3 Error(s), 1 Warning(s).
Target not created
1000000Hz
Connection failed!, error code=&d
Error: Flash Download failed  -  Target DLL has been cancelled
Load "C:\\Users\\Zujun\\Desktop\\EE445L\\Lab4\\Lab4_Blynk_4C123\\Lab4_Blynk_4C123\\Blynk.axf" 
Connecting: Mode=JTAG, Speed=1000000Hz
Connection failed!, error code=&d
Error: Flash Download failed  -  Target DLL has been cancelled
Load "C:\\Users\\Zujun\\Desktop\\EE445L\\Lab4\\Lab4_Blynk_4C123\\Lab4_Blynk_4C123\\Blynk.axf" 
Connecting: Mode=JTAG, Speed=1000000Hz
Erase Done.
Programming Done.
Verify OK.
ate multiply defined (by lab3.o and blynk.o).
.\Blynk.axf: Error: L6200E: Symbol prevDisplayState multiply defined (by lab3.o and blynk.o).
.\Blynk.axf: Error: L6200E: Symbol UpdateSeconds multiply defined (by lab3.o and blynk.o).
.\Blynk.axf: Error: L6200E: Symbol onAlarmSilence multiply defined (by lab3.o and blynk.o).
.\Blynk.axf: Error: L6200E: Symbol onCycleDisplayState multiply defined (by lab3.o and blynk.o).
.\Blynk.axf: Error: L6200E: Symbol onCycleHourSetTime multiply defined (by lab3.o and blynk.o).
.\Blynk.axf: Error: L6200E: Symbol onCycleMinuteSetTime multiply defined (by lab3.o and blynk.o).
.\Blynk.axf: Error: L6200E: Symbol onReturnToClockView multiply defined (by lab3.o and blynk.o).
Not enough information to list image symbols.
Not enough information to list the image map.
Finished: 2 information, 0 warning and 17 error messages.
".\Blynk.axf" - 17 Error(s), 1 Warning(s).
Target not created
