<html>
<body>
<pre>
<h1>µVision Build Log</h1>
<h2>Project:</h2>
C:\Users\Zujun\Desktop\EE445L\Lab4\Lab4_Blynk_4C123\Lab4_Blynk_4C123\Blynk.uvproj
Project File Date:  09/23/2018

<h2>Output:</h2>
Rebuild target 'Blynk'
assembling startup.s...
compiling PLL.c...
compiling UART.c...
compiling Blynk.c...
compiling ST7735.c...
ST7735.c(1632): warning:  #223-D: function "abs" declared implicitly
          if ( abs(delx) > abs(dely) ){
ST7735.c: 1 warning, 0 errors
compiling Timer2.c...
compiling Timer3.c...
compiling esp8266.c...
compiling PortF.c...
compiling Timer1.c...
compiling clockface.c...
compiling SoundDriver.c...
compiling PWM.c...
compiling fixed.c...
linking...
Program Size: Code=7892 RO-data=4740 RW-data=368 ZI-data=2112  
".\Blynk.axf" - 0 Error(s), 1 Warning(s).
ling SoundDriver.c...
compiling PWM.c...
compiling fixed.c...
linking...
Program Size: Code=7920 RO-data=4740 RW-data=368 ZI-data=2112  
".\Blynk.axf" - 0 Error(s), 2 Warning(s).
.\Blynk.axf: Error: L6200E: Symbol setTimeHour multiply defined (by lab3.o and blynk.o).
.\Blynk.axf: Error: L6200E: Symbol prevSetTimeHour multiply defined (by lab3.o and blynk.o).
.\Blynk.axf: Error: L6200E: Symbol setTimeMinute multiply defined (by lab3.o and blynk.o).
.\Blynk.axf: Error: L6200E: Symbol prevSetTimeMinute multiply defined (by lab3.o and blynk.o).
.\Blynk.axf: Error: L6200E: Symbol recordedSeconds multiply defined (by lab3.o and blynk.o).
.\Blynk.axf: Error: L6200E: Symbol alarmSeconds multiply defined (by lab3.o and blynk.o).
.\Blynk.axf: Error: L6200E: Symbol displayState multiply defined (by lab3.o and blynk.o).
.\Blynk.axf: Error: L6200E: Symbol prevDisplayState multiply defined (by lab3.o and blynk.o).
.\Blynk.axf: Error: L6200E: Symbol UpdateSeconds multiply defined (by lab3.o and blynk.o).
.\Blynk.axf: Error: L6200E: Symbol onAlarmSilence multiply defined (by lab3.o and blynk.o).
.\Blynk.axf: Error: L6200E: Symbol onCycleDisplayState multiply defined (by lab3.o and blynk.o).
.\Blynk.axf: Error: L6200E: Symbol onCycleHourSetTime multiply defined (by lab3.o and blynk.o).
.\Blynk.axf: Error: L6200E: Symbol onCycleMinuteSetTime multiply defined (by lab3.o and blynk.o).
.\Blynk.axf: Error: L6200E: Symbol onReturnToClockView multiply defined (by lab3.o and blynk.o).
Not enough information to list image symbols.
Not enough information to list the image map.
Finished: 2 information, 0 warning and 17 error messages.
".\Blynk.axf" - 17 Error(s), 1 Warning(s).
Target not created
